(-9)x^5 + (-8)x^4 + (-6)x^3 + (-3)x^2 + (-1)x^1 + (3)