[10, 11]
[20, 142]

(0, 10)
(11, 20)
(142, 450)

27%