[1, 6]
[7, 7]
[8, 8]

(0, 1)
(6, 7)
(7, 8)
(8, 10)

50%