[120, 312]
[412, 504]
[512, 1200]
[1600, 1900]
[4000, 4600]

(0, 120)
(312, 412)
(504, 512)
(1200, 1600)
(1900, 4000)
(4600, 5123)

37%