[50, 68]
[69, 84]
[100, 127]
[160, 170]

(0, 50)
(68, 69)
(84, 100)
(127, 160)
(170, 200)

35%